Date: February 21, 2026

Fragments drift and fade—
Old whispers echo through time,
Mind holds what it can.